 commit 7ce4d61c16d864899076f9fbf4114d66b95e7978
Author: mihirmithani <mihirmithani123@gmail.com>
Date:   Thu Jul 30 12:06:45 2026 +0530

    Utility Files

commit 95c3e902e4f0ee2b5aaa88c0894d37b1ec554b08
Author: mihirmithani <mihirmithani123@gmail.com>
Date:   Thu Jul 30 12:05:32 2026 +0530

    Utility Files

commit 8994d420a85c67e8f7ce899dea5f68a5a6538821
Author: mihirmithani <mihirmithani123@gmail.com>
Date:   Thu Jul 30 12:05:05 2026 +0530

    Assignment Task 35

commit ca0e66aa81f3818a0e81856739d11b008d5bb65a
Author: mihirmithani <mihirmithani123@gmail.com>
Date:   Thu Jul 30 12:05:04 2026 +0530

    Assignment Task 34

commit ad9062e57817b726e04b34807c1e242bbc9222fd
Author: mihirmithani <mihirmithani123@gmail.com>
Date:   Thu Jul 30 12:05:02 2026 +0530

    Assignment Task 33

commit a4b7aa7c9316f1f6e2681c029b6a7b0c29be0ea6
Author: mihirmithani <mihirmithani123@gmail.com>
Date:   Thu Jul 30 12:05:00 2026 +0530

    Assignment Task 32

commit 5e9a22d6d9027f31a0432dd27799b80976639786
Author: mihirmithani <mihirmithani123@gmail.com>
Date:   Thu Jul 30 12:04:58 2026 +0530

    Assignment Task 31

commit 8d5f13254ded269ae78ada1a35dcd156ab7806fa
Author: mihirmithani <mihirmithani123@gmail.com>
Date:   Thu Jul 30 12:04:56 2026 +0530

    Assignment Task 30

commit 545ad383f1a5a0681008adce75e34df5a68809c4
Author: mihirmithani <mihirmithani123@gmail.com>
Date:   Thu Jul 30 12:04:55 2026 +0530

    Assignment Task 29

commit 2fd8f81f6f29f46c0c04d312af35e6ebcc58e8a2
Author: mihirmithani <mihirmithani123@gmail.com>
Date:   Thu Jul 30 12:04:53 2026 +0530

    Assignment Task 28

commit ca027c6004804d4efa5f5911690f9a3ce3470e89
Author: mihirmithani <mihirmithani123@gmail.com>
Date:   Thu Jul 30 12:04:51 2026 +0530

    Assignment Task 27

commit cdeea7923be6c5098e84e96d091f74d7f270ec61
Author: mihirmithani <mihirmithani123@gmail.com>
Date:   Thu Jul 30 12:04:49 2026 +0530

    Assignment Task 26

commit 3a75d74b0f82fdcbc0578e1efe783e55c19538c9
Author: mihirmithani <mihirmithani123@gmail.com>
Date:   Wed Jul 29 16:59:54 2026 +0530

    PLAN Updates

commit 9789bd8f4216eb4bf28d6fdba40aa6c6832069af
Author: mihirmithani <mihirmithani123@gmail.com>
Date:   Wed Jul 29 15:17:29 2026 +0530

    README

commit bb10e7b0cacbcc2d0d021e89ae3beb1e96f39b9d
Author: mihirmithani <mihirmithani123@gmail.com>
Date:   Wed Jul 29 15:13:10 2026 +0530

    Updates

commit 0e03f25ed22d3affefb7b7e9678d6ac18bd8aa6b
Author: mihirmithani <mihirmithani123@gmail.com>
Date:   Wed Jul 29 14:21:53 2026 +0530

    Txt File for Task 19-25

commit 7c717b7ec34946b66df26e2322c5542b94efd34b
Author: mihirmithani <mihirmithani123@gmail.com>
Date:   Wed Jul 29 14:21:23 2026 +0530

    Utility File

commit 3895c6f4d4d1bb00c93ab919c52d35e56e2feb21
Author: mihirmithani <mihirmithani123@gmail.com>
Date:   Wed Jul 29 14:20:52 2026 +0530

    Assignment Task 25

commit a7aed82b69cff63d34bb17fbcbfc3b7372f4a923
Author: mihirmithani <mihirmithani123@gmail.com>
Date:   Wed Jul 29 14:20:50 2026 +0530

    Assignment Task 24

commit 5420c5fba89d78c9177ac17bb4c5750bf6e6a560
Author: mihirmithani <mihirmithani123@gmail.com>
Date:   Wed Jul 29 14:20:48 2026 +0530

    Assignment Task 23

commit ab02b42162536a987a82cb72a1c389687a6402f2
Author: mihirmithani <mihirmithani123@gmail.com>
Date:   Wed Jul 29 14:20:46 2026 +0530

    Assignment Task 22

commit a9cff761ab60775a9f140a8b1c730fe081d509c1
Author: mihirmithani <mihirmithani123@gmail.com>
Date:   Wed Jul 29 14:20:44 2026 +0530

    Assignment Task 21

commit 56f4cad77e8614dd460f5c543246e9b4df8ab8c6
Author: mihirmithani <mihirmithani123@gmail.com>
Date:   Wed Jul 29 14:20:42 2026 +0530

    Assignment Task 20

commit 6af3517af5012a5c994a1874f5b2e314344ccdf0
Author: mihirmithani <mihirmithani123@gmail.com>
Date:   Wed Jul 29 14:20:40 2026 +0530

    Assignment Task 19

commit f69524edf5bf15b907a1d4ef382eb41dad642043
Author: mihirmithani <mihirmithani123@gmail.com>
Date:   Wed Jul 29 14:20:38 2026 +0530

    Assignment Task 18

commit c08e4cee3e6d548c64506da87c0c5eca523d3ec9
Author: mihirmithani <mihirmithani123@gmail.com>
Date:   Wed Jul 29 14:20:36 2026 +0530

    Assignment Task 17

commit f108660ffb98564b21aab20440b6ea6273b0985b
Author: mihirmithani <mihirmithani123@gmail.com>
Date:   Wed Jul 29 11:57:06 2026 +0530

    Function/proc

commit 7ef1423c8caaf2295da16a6aa0d7ff62c85aa45a
Author: mihirmithani <mihirmithani123@gmail.com>
Date:   Wed Jul 29 11:56:40 2026 +0530

    File Handling

commit 5268a5ec03a360ca142a6ef5eff0ea0a064132a0
Author: mihirmithani <mihirmithani123@gmail.com>
Date:   Wed Jul 29 11:56:14 2026 +0530

    Assignment

commit 75fa3d0e9d160d402135b88ee5d64a41326186d2
Author: mihirmithani <mihirmithani123@gmail.com>
Date:   Wed Jul 29 09:43:54 2026 +0530

    Assignment

commit aa287ce80af549f8c7d20ab7590c03967a3de29e
Author: mihirmithani <mihirmithani123@gmail.com>
Date:   Tue Jul 28 17:16:00 2026 +0530

    Log Files

commit 529836cd2359783ce9947d209db5429783df479e
Author: mihirmithani <mihirmithani123@gmail.com>
Date:   Tue Jul 28 17:14:36 2026 +0530

    Utility files

commit 52cd64cc19bcb157beecb28fec8fc707dffc4e8c
Author: mihirmithani <mihirmithani123@gmail.com>
Date:   Tue Jul 28 17:14:04 2026 +0530

    Assignment Task 10

commit 80b95f9228a0d5db7a651245287c4ccfc2b85746
Author: mihirmithani <mihirmithani123@gmail.com>
Date:   Tue Jul 28 17:14:02 2026 +0530

    Assignment Task 9

commit 8e97fb2a1fdeae0d315bf66085cfa770df1ee368
Author: mihirmithani <mihirmithani123@gmail.com>
Date:   Tue Jul 28 17:14:00 2026 +0530

    Assignment Task 8

commit 0f748f383b3d3a6a057a82d166cafd7ee7a52ea6
Author: mihirmithani <mihirmithani123@gmail.com>
Date:   Tue Jul 28 17:13:58 2026 +0530

    Assignment Task 7

commit bdc167bf3849d0a249a2805eb086d67aa75b48ac
Author: mihirmithani <mihirmithani123@gmail.com>
Date:   Tue Jul 28 17:13:56 2026 +0530

    Assignment Task 6

commit ac9638e10f7a5cad07bab8e787961dbc926a0e68
Author: mihirmithani <mihirmithani123@gmail.com>
Date:   Tue Jul 28 17:13:54 2026 +0530

    Assignment Task 5

commit 493d5648f0c656ee8cdbb4ca57e1f0f9d4da672b
Author: mihirmithani <mihirmithani123@gmail.com>
Date:   Tue Jul 28 17:13:52 2026 +0530

    Assignment Task 4

commit 3f942a8cfa3616aa23644e0b9ee92c2ce8da62a3
Author: mihirmithani <mihirmithani123@gmail.com>
Date:   Tue Jul 28 17:13:50 2026 +0530

    Assignment Task 3

commit 17f1df531ad0b3e2a2e13187014cb9a18d565251
Author: mihirmithani <mihirmithani123@gmail.com>
Date:   Tue Jul 28 12:07:23 2026 +0530

    Renamed

commit d5f1b36f3319e5cdc78d5ef3c018e8aabfcb0178
Author: mihirmithani <mihirmithani123@gmail.com>
Date:   Tue Jul 28 11:52:11 2026 +0530

    Update

commit c7dae613361bba462a2284aabb6afb86bffa8848
Author: mihirmithani <mihirmithani123@gmail.com>
Date:   Tue Jul 28 11:51:32 2026 +0530

    utility file

commit 82a55ae68911234ebfa1aae02594527e98d9a378
Author: mihirmithani <mihirmithani123@gmail.com>
Date:   Tue Jul 28 11:50:40 2026 +0530

    Assignment Questions

commit 7f203b5c9c9c353d3e8370c308d5147aa36b379d
Author: mihirmithani <mihirmithani123@gmail.com>
Date:   Tue Jul 28 11:49:51 2026 +0530

    Assignment Task 61 to 70

commit 49c8337b70161bc7da977c74a3687c0d761fd85c
Author: mihirmithani <mihirmithani123@gmail.com>
Date:   Tue Jul 28 11:49:26 2026 +0530

    Assignment Task 51 to 60

commit 3ca4b4cd9b4c160aba73b7b637471d279bbf69d0
Author: mihirmithani <mihirmithani123@gmail.com>
Date:   Tue Jul 28 11:49:06 2026 +0530

    Assignment Task 41 to 50

commit 51b9cba13ffa4cc70c1a387329c195e215bfacff
Author: mihirmithani <mihirmithani123@gmail.com>
Date:   Tue Jul 28 11:48:32 2026 +0530

    Assignment Task 31 to 40

commit 212c1d53975a5661c4272aff796bbc0411751ebb
Author: mihirmithani <mihirmithani123@gmail.com>
Date:   Tue Jul 28 11:47:43 2026 +0530

    Assignment Task 21 to 30

commit 927cc65fac49564b00adffcc57ada62be9598230
Author: mihirmithani <mihirmithani123@gmail.com>
Date:   Tue Jul 28 11:47:16 2026 +0530

    Assignment Task 11 to 20

commit 7bdff7f2800c759774495690c3214f9886edf2d0
Author: mihirmithani <mihirmithani123@gmail.com>
Date:   Tue Jul 28 11:46:43 2026 +0530

    Assignment Task 1 10

commit 32b69f8d6dfbedd5164fe2ff7ac88bc82397cc50
Author: mihirmithani <mihirmithani123@gmail.com>
Date:   Tue Jul 28 11:30:30 2026 +0530

    Structure Changes

commit e6ee01f3603f8b961f28412fcc57da397f6e1e5d
Author: mihirmithani <mihirmithani123@gmail.com>
Date:   Mon Jul 27 11:42:05 2026 +0530

    Learning PPT

commit b22654a2701d207d5cc98d91f1603df8c963f54b
Author: mihirmithani <mihirmithani123@gmail.com>
Date:   Mon Jul 27 11:36:06 2026 +0530

    Add string_trim.tcl

commit 29ee15934c94b741e0881317f22e9e9f45a0a89d
Author: mihirmithani <mihirmithani123@gmail.com>
Date:   Mon Jul 27 11:36:00 2026 +0530

    Add string_tolower.tcl

commit 517b7bd33da134a9f3d8fa7e61e91ad03c2191be
Author: mihirmithani <mihirmithani123@gmail.com>
Date:   Mon Jul 27 11:35:54 2026 +0530

    Add string_range.tcl

commit 4d354af7459bf04c600914d05a436cefde32b03a
Author: mihirmithani <mihirmithani123@gmail.com>
Date:   Mon Jul 27 11:35:04 2026 +0530

    Add string_length.tcl

commit 09866936e3a66e4ace9feb9db0ae4e335ff3cbad
Author: mihirmithani <mihirmithani123@gmail.com>
Date:   Mon Jul 27 11:34:55 2026 +0530

    Add string_index.tcl

commit 0ac786f4fbb469c72c80fd894e91933ca4a6e475
Author: mihirmithani <mihirmithani123@gmail.com>
Date:   Mon Jul 27 11:34:47 2026 +0530

    Add string1.tcl

commit 11ce905bdd21422f2489345ca5091401d1928fa2
Author: mihirmithani <mihirmithani123@gmail.com>
Date:   Mon Jul 27 11:06:34 2026 +0530

    List in TCL

commit 7c0baba5ede69bbf07788a11f4f7eaac8cd7e7d0
Author: mihirmithani <mihirmithani123@gmail.com>
Date:   Fri Jul 17 15:30:43 2026 +0530

    Log Files

commit e5eed80759b1e29371104a1f915ddb87f8d6b6f6
Author: mihirmithani <mihirmithani123@gmail.com>
Date:   Fri Jul 17 15:29:51 2026 +0530

    Exec Command and Escape Sequence

commit d774a6f48ec85cf60652893f20bbf6cc3349c2a8
Author: mihirmithani <mihirmithani123@gmail.com>
Date:   Fri Jul 17 15:08:41 2026 +0530

    Searching in Array/Associative Array

commit 071e0dd443bdce1b6def88178323a0b880f14c3b
Author: mihirmithani <mihirmithani123@gmail.com>
Date:   Thu Jul 16 16:55:30 2026 +0530

    Updates

commit 39b7879704121e6a87bc16400c9d225a7d1785bf
Author: mihirmithani <mihirmithani123@gmail.com>
Date:   Thu Jul 16 16:53:16 2026 +0530

    Readme File

commit 5e9d0184fff5468f1575dc75761e06548c9d216a
Author: mihirmithani <mihirmithani123@gmail.com>
Date:   Thu Jul 16 16:47:49 2026 +0530

    For Each Loop

commit e13fb5b6c8376ad9375d69eec7f6391101a069f9
Author: mihirmithani <mihirmithani123@gmail.com>
Date:   Thu Jul 16 16:47:25 2026 +0530

    Associative Array

commit 842e850f305382667b5bbcc82727c5d9b82d375a
Author: mihirmithani <mihirmithani123@gmail.com>
Date:   Thu Jul 16 16:46:49 2026 +0530

    Array

commit fae43993bef1a87def0253ee8fb820a9cf742413
Author: mihirmithani <mihirmithani123@gmail.com>
Date:   Thu Jul 16 16:17:42 2026 +0530

    Loops

commit 52082230d4a6e2a225caba21399847b8286210d8
Author: mihirmithani <mihirmithani123@gmail.com>
Date:   Thu Jul 16 16:17:27 2026 +0530

    Condition

commit 40cfb5da114d46ba341b8920a8409bcdaed28d08
Author: mihirmithani <mihirmithani123@gmail.com>
Date:   Thu Jul 16 15:44:41 2026 +0530

    Arithmetics Operations

commit d36a31288787ab68d38a597d368a7c6a2d5b0dac
Author: mihirmithani <mihirmithani123@gmail.com>
Date:   Wed Jul 15 15:06:12 2026 +0530

    Plan of learning

commit 59d912b75651fc556c8f916b32d309be84cdff29
Author: mihirmithani <mihirmithani123@gmail.com>
Date:   Tue Jun 23 17:29:32 2026 +0530

    Readme.md

commit 1f6d19861f32c60f1b1643ab5a78829e1f972cb0
Author: mihirmithani <mihirmithani123@gmail.com>
Date:   Tue Jun 23 17:26:12 2026 +0530

    Structure

commit 7dc5ce197a218b1b8dd46c64658ab8d17f0a273e
Author: mihirmithani <mihirmithani123@gmail.com>
Date:   Tue Jun 23 17:22:10 2026 +0530

    Structure

commit 4d1c312ae6d20548ddbb75f0b2b6f9ad60b526c1
Author: mihirmithani <mihirmithani123@gmail.com>
Date:   Tue Jun 23 17:11:54 2026 +0530

    Basics

commit 00f142c2cc6ba04b784cdcfaf24d4685dd6e8262
Author: mihirmithani <mihirmithani123@gmail.com>
Date:   Tue Jun 23 17:09:37 2026 +0530

    Readme.md

commit 5d4f1d6e1a12e44956028fbfa9284dbcb1068c3c
Author: mihirmithani <mihirmithani123@gmail.com>
Date:   Tue Jun 23 17:07:01 2026 +0530

    Structure

commit 3535f1c11c9ee697a58db91111e3ea96277f775e
Author: mihirmithani <mihirmithani123@gmail.com>
Date:   Tue Jun 23 16:54:26 2026 +0530

    Readme

commit 091d522d8cd9fda52388792176fe69ad1c19c167
Author: mihirmithani <mihirmithani123@gmail.com>
Date:   Tue Jun 23 16:52:57 2026 +0530

    Variables Basics

commit 5a70b8f4a8eba22cb24d761ef3060ddfc5213bd7
Author: mihirmithani <mihirmithani123@gmail.com>
Date:   Tue Jun 23 16:43:52 2026 +0530

    Basics

commit c400dd9398e21d53d70007d66120df92272be71f
Author: mihirmithani <mihirmithani123@gmail.com>
Date:   Tue Jun 23 16:43:14 2026 +0530

    first commit
